::ffff:127.0.0.1 - - [28/Sep/2026 15:47:36] "GET /reto-boli/index.html HTTP/1.1" 200 -
::1 - - [28/Sep/2026 15:47:39] "GET /reto-boli/index.html HTTP/1.1" 200 -
::1 - - [28/Sep/2026 15:47:39] "GET /assets/reto-boli/dia-01/episodio-completo.mp4 HTTP/1.1" 200 -
::1 - - [28/Sep/2026 15:47:39] "GET /assets/reto-boli/dia-01/clip-01.mp4 HTTP/1.1" 304 -
::1 - - [28/Sep/2026 15:47:39] "GET /assets/reto-boli/dia-01/clip-02.mp4 HTTP/1.1" 304 -
::1 - - [28/Sep/2026 15:47:39] "GET /assets/reto-boli/dia-01/clip-03.mp4 HTTP/1.1" 304 -
::1 - - [28/Sep/2026 15:47:39] "GET /assets/reto-boli/dia-01/clip-04.mp4 HTTP/1.1" 304 -
::1 - - [28/Sep/2026 15:47:39] "GET /assets/reto-boli/dia-01/clip-05.mp4 HTTP/1.1" 304 -
::1 - - [28/Sep/2026 15:47:39] "GET /assets/reto-boli/dia-01/clip-06.mp4 HTTP/1.1" 304 -
::1 - - [28/Sep/2026 15:47:39] "GET /assets/reto-boli/dia-02/episodio-completo.mp4 HTTP/1.1" 200 -
::1 - - [28/Sep/2026 15:47:39] "GET /assets/reto-boli/dia-02/clip-01.mp4 HTTP/1.1" 304 -
::1 - - [28/Sep/2026 15:47:39] "GET /assets/reto-boli/dia-02/clip-02.mp4 HTTP/1.1" 304 -
::1 - - [28/Sep/2026 15:47:39] "GET /assets/reto-boli/dia-02/clip-03.mp4 HTTP/1.1" 304 -
::1 - - [28/Sep/2026 15:47:39] "GET /assets/reto-boli/dia-02/clip-04.mp4 HTTP/1.1" 304 -
::1 - - [28/Sep/2026 15:47:39] "GET /assets/reto-boli/dia-02/clip-05.mp4 HTTP/1.1" 304 -
::1 - - [28/Sep/2026 15:47:39] "GET /assets/reto-boli/dia-02/clip-06.mp4 HTTP/1.1" 304 -
::1 - - [28/Sep/2026 15:47:39] "GET /assets/reto-boli/dia-03/episodio-completo.mp4 HTTP/1.1" 200 -
::1 - - [28/Sep/2026 15:47:39] "GET /assets/reto-boli/dia-03/clip-03.mp4 HTTP/1.1" 304 -
::1 - - [28/Sep/2026 15:47:39] "GET /assets/reto-boli/dia-03/clip-01.mp4 HTTP/1.1" 304 -
::1 - - [28/Sep/2026 15:47:39] "GET /assets/reto-boli/dia-03/clip-02.mp4 HTTP/1.1" 304 -
::1 - - [28/Sep/2026 15:47:39] "GET /assets/reto-boli/dia-03/clip-04.mp4 HTTP/1.1" 304 -
::1 - - [28/Sep/2026 15:47:39] "GET /assets/reto-boli/dia-03/clip-05.mp4 HTTP/1.1" 304 -
::1 - - [28/Sep/2026 15:47:39] "GET /assets/reto-boli/dia-03/clip-06.mp4 HTTP/1.1" 304 -
::1 - - [28/Sep/2026 15:47:39] "GET /assets/reto-boli/dia-04/episodio-completo.mp4 HTTP/1.1" 200 -
::1 - - [28/Sep/2026 15:47:39] "GET /assets/reto-boli/dia-04/clip-02.mp4 HTTP/1.1" 304 -
::1 - - [28/Sep/2026 15:47:39] "GET /assets/reto-boli/dia-04/clip-01.mp4 HTTP/1.1" 304 -
::1 - - [28/Sep/2026 15:47:39] "GET /assets/reto-boli/dia-04/clip-03.mp4 HTTP/1.1" 304 -
::1 - - [28/Sep/2026 15:47:39] "GET /assets/reto-boli/dia-04/clip-04.mp4 HTTP/1.1" 304 -
::1 - - [28/Sep/2026 15:47:39] "GET /assets/reto-boli/dia-04/clip-05.mp4 HTTP/1.1" 304 -
::1 - - [28/Sep/2026 15:47:39] "GET /assets/reto-boli/dia-04/clip-06.mp4 HTTP/1.1" 304 -
::1 - - [28/Sep/2026 15:47:39] "GET /assets/kofi-icon.png HTTP/1.1" 304 -
::1 - - [28/Sep/2026 15:47:40] code 404, message File not found
::1 - - [28/Sep/2026 15:47:40] "GET /favicon.ico HTTP/1.1" 404 -
